=== ===========
rlz structural 
=== ===========
0   2.25256E+07
=== ===========